  Determining projects to restore...
  Restored /home/runner/work/ksef-client-csharp48/ksef-client-csharp48/KSeF.Client/KSeF.Client.csproj (in 379 ms).
  Restored /home/runner/work/ksef-client-csharp48/ksef-client-csharp48/KSeF.Client.ClientFactory/KSeF.Client.ClientFactory.csproj (in 379 ms).
  1 of 3 projects are up-to-date for restore.
/usr/share/dotnet/sdk/10.0.102/Sdks/Microsoft.NET.Sdk/targets/Microsoft.NET.Sdk.DefaultItems.Shared.targets(201,5): error NETSDK1022: Duplicate 'EmbeddedResource' items were included. The .NET SDK includes 'EmbeddedResource' items from your project directory by default. You can either remove these items from your project file, or set the 'EnableDefaultEmbeddedResourceItems' property to 'false' if you want to explicitly include them in your project file. For more information, see https://aka.ms/sdkimplicititems. The duplicate items were: 'Resources/Strings.en.resx'; 'Resources/Strings.pl.resx' [/home/runner/work/ksef-client-csharp48/ksef-client-csharp48/KSeF.Client/KSeF.Client.csproj]
/home/runner/work/ksef-client-csharp48/ksef-client-csharp48/KSeF.Client.Core/Infrastructure/Rest/RestRequest.cs(4,18): error CS0234: The type or namespace name 'Http' does not exist in the namespace 'System.Net' (are you missing an assembly reference?) [/home/runner/work/ksef-client-csharp48/ksef-client-csharp48/KSeF.Client.Core/KSeF.Client.Core.csproj]
/home/runner/work/ksef-client-csharp48/ksef-client-csharp48/KSeF.Client.Core/Infrastructure/Rest/RestRequestWithBody.cs(4,18): error CS0234: The type or namespace name 'Http' does not exist in the namespace 'System.Net' (are you missing an assembly reference?) [/home/runner/work/ksef-client-csharp48/ksef-client-csharp48/KSeF.Client.Core/KSeF.Client.Core.csproj]
/home/runner/work/ksef-client-csharp48/ksef-client-csharp48/KSeF.Client.Core/Interfaces/Rest/IRestClient.cs(3,18): error CS0234: The type or namespace name 'Http' does not exist in the namespace 'System.Net' (are you missing an assembly reference?) [/home/runner/work/ksef-client-csharp48/ksef-client-csharp48/KSeF.Client.Core/KSeF.Client.Core.csproj]
/home/runner/work/ksef-client-csharp48/ksef-client-csharp48/KSeF.Client.Core/Interfaces/Rest/IRestRequest.cs(3,18): error CS0234: The type or namespace name 'Http' does not exist in the namespace 'System.Net' (are you missing an assembly reference?) [/home/runner/work/ksef-client-csharp48/ksef-client-csharp48/KSeF.Client.Core/KSeF.Client.Core.csproj]
/home/runner/work/ksef-client-csharp48/ksef-client-csharp48/KSeF.Client.Core/Infrastructure/Rest/RestRequest.cs(11,16): error CS0246: The type or namespace name 'HttpMethod' could not be found (are you missing a using directive or an assembly reference?) [/home/runner/work/ksef-client-csharp48/ksef-client-csharp48/KSeF.Client.Core/KSeF.Client.Core.csproj]
/home/runner/work/ksef-client-csharp48/ksef-client-csharp48/KSeF.Client.Core/Infrastructure/Rest/RestRequest.cs(22,52): error CS0246: The type or namespace name 'HttpMethod' could not be found (are you missing a using directive or an assembly reference?) [/home/runner/work/ksef-client-csharp48/ksef-client-csharp48/KSeF.Client.Core/KSeF.Client.Core.csproj]
/home/runner/work/ksef-client-csharp48/ksef-client-csharp48/KSeF.Client.Core/Interfaces/Rest/IRestClient.cs(28,56): error CS0246: The type or namespace name 'HttpMethod' could not be found (are you missing a using directive or an assembly reference?) [/home/runner/work/ksef-client-csharp48/ksef-client-csharp48/KSeF.Client.Core/KSeF.Client.Core.csproj]
/home/runner/work/ksef-client-csharp48/ksef-client-csharp48/KSeF.Client.Core/Interfaces/Rest/IRestClient.cs(41,13): error CS0246: The type or namespace name 'HttpMethod' could not be found (are you missing a using directive or an assembly reference?) [/home/runner/work/ksef-client-csharp48/ksef-client-csharp48/KSeF.Client.Core/KSeF.Client.Core.csproj]
/home/runner/work/ksef-client-csharp48/ksef-client-csharp48/KSeF.Client.Core/Interfaces/Rest/IRestClient.cs(43,13): error CS0246: The type or namespace name 'HttpContent' could not be found (are you missing a using directive or an assembly reference?) [/home/runner/work/ksef-client-csharp48/ksef-client-csharp48/KSeF.Client.Core/KSeF.Client.Core.csproj]
/home/runner/work/ksef-client-csharp48/ksef-client-csharp48/KSeF.Client.Core/Interfaces/Rest/IRestClient.cs(58,56): error CS0246: The type or namespace name 'HttpMethod' could not be found (are you missing a using directive or an assembly reference?) [/home/runner/work/ksef-client-csharp48/ksef-client-csharp48/KSeF.Client.Core/KSeF.Client.Core.csproj]
/home/runner/work/ksef-client-csharp48/ksef-client-csharp48/KSeF.Client.Core/Interfaces/Rest/IRestClient.cs(70,34): error CS0246: The type or namespace name 'HttpMethod' could not be found (are you missing a using directive or an assembly reference?) [/home/runner/work/ksef-client-csharp48/ksef-client-csharp48/KSeF.Client.Core/KSeF.Client.Core.csproj]
/home/runner/work/ksef-client-csharp48/ksef-client-csharp48/KSeF.Client.Core/Interfaces/Rest/IRestClient.cs(80,24): error CS0246: The type or namespace name 'HttpMethod' could not be found (are you missing a using directive or an assembly reference?) [/home/runner/work/ksef-client-csharp48/ksef-client-csharp48/KSeF.Client.Core/KSeF.Client.Core.csproj]
/home/runner/work/ksef-client-csharp48/ksef-client-csharp48/KSeF.Client.Core/Interfaces/Rest/IRestClient.cs(119,13): error CS0246: The type or namespace name 'HttpMethod' could not be found (are you missing a using directive or an assembly reference?) [/home/runner/work/ksef-client-csharp48/ksef-client-csharp48/KSeF.Client.Core/KSeF.Client.Core.csproj]
/home/runner/work/ksef-client-csharp48/ksef-client-csharp48/KSeF.Client.Core/Infrastructure/Rest/RestRequestWithBody.cs(28,16): error CS0246: The type or namespace name 'HttpMethod' could not be found (are you missing a using directive or an assembly reference?) [/home/runner/work/ksef-client-csharp48/ksef-client-csharp48/KSeF.Client.Core/KSeF.Client.Core.csproj]
/home/runner/work/ksef-client-csharp48/ksef-client-csharp48/KSeF.Client.Core/Interfaces/Rest/IRestRequest.cs(10,9): error CS0246: The type or namespace name 'HttpMethod' could not be found (are you missing a using directive or an assembly reference?) [/home/runner/work/ksef-client-csharp48/ksef-client-csharp48/KSeF.Client.Core/KSeF.Client.Core.csproj]
/home/runner/work/ksef-client-csharp48/ksef-client-csharp48/KSeF.Client.Core/Infrastructure/Rest/RestRequest.cs(24,42): error CS0246: The type or namespace name 'HttpMethod' could not be found (are you missing a using directive or an assembly reference?) [/home/runner/work/ksef-client-csharp48/ksef-client-csharp48/KSeF.Client.Core/KSeF.Client.Core.csproj]
/home/runner/work/ksef-client-csharp48/ksef-client-csharp48/KSeF.Client.Core/Infrastructure/Rest/RestRequestWithBody.cs(10,66): error CS0246: The type or namespace name 'HttpMethod' could not be found (are you missing a using directive or an assembly reference?) [/home/runner/work/ksef-client-csharp48/ksef-client-csharp48/KSeF.Client.Core/KSeF.Client.Core.csproj]
/home/runner/work/ksef-client-csharp48/ksef-client-csharp48/KSeF.Client.Core/Infrastructure/Rest/RestRequestWithBody.cs(41,43): error CS0246: The type or namespace name 'HttpMethod' could not be found (are you missing a using directive or an assembly reference?) [/home/runner/work/ksef-client-csharp48/ksef-client-csharp48/KSeF.Client.Core/KSeF.Client.Core.csproj]

Build FAILED.

/usr/share/dotnet/sdk/10.0.102/Sdks/Microsoft.NET.Sdk/targets/Microsoft.NET.Sdk.DefaultItems.Shared.targets(201,5): error NETSDK1022: Duplicate 'EmbeddedResource' items were included. The .NET SDK includes 'EmbeddedResource' items from your project directory by default. You can either remove these items from your project file, or set the 'EnableDefaultEmbeddedResourceItems' property to 'false' if you want to explicitly include them in your project file. For more information, see https://aka.ms/sdkimplicititems. The duplicate items were: 'Resources/Strings.en.resx'; 'Resources/Strings.pl.resx' [/home/runner/work/ksef-client-csharp48/ksef-client-csharp48/KSeF.Client/KSeF.Client.csproj]
/home/runner/work/ksef-client-csharp48/ksef-client-csharp48/KSeF.Client.Core/Infrastructure/Rest/RestRequest.cs(4,18): error CS0234: The type or namespace name 'Http' does not exist in the namespace 'System.Net' (are you missing an assembly reference?) [/home/runner/work/ksef-client-csharp48/ksef-client-csharp48/KSeF.Client.Core/KSeF.Client.Core.csproj]
/home/runner/work/ksef-client-csharp48/ksef-client-csharp48/KSeF.Client.Core/Infrastructure/Rest/RestRequestWithBody.cs(4,18): error CS0234: The type or namespace name 'Http' does not exist in the namespace 'System.Net' (are you missing an assembly reference?) [/home/runner/work/ksef-client-csharp48/ksef-client-csharp48/KSeF.Client.Core/KSeF.Client.Core.csproj]
/home/runner/work/ksef-client-csharp48/ksef-client-csharp48/KSeF.Client.Core/Interfaces/Rest/IRestClient.cs(3,18): error CS0234: The type or namespace name 'Http' does not exist in the namespace 'System.Net' (are you missing an assembly reference?) [/home/runner/work/ksef-client-csharp48/ksef-client-csharp48/KSeF.Client.Core/KSeF.Client.Core.csproj]
/home/runner/work/ksef-client-csharp48/ksef-client-csharp48/KSeF.Client.Core/Interfaces/Rest/IRestRequest.cs(3,18): error CS0234: The type or namespace name 'Http' does not exist in the namespace 'System.Net' (are you missing an assembly reference?) [/home/runner/work/ksef-client-csharp48/ksef-client-csharp48/KSeF.Client.Core/KSeF.Client.Core.csproj]
/home/runner/work/ksef-client-csharp48/ksef-client-csharp48/KSeF.Client.Core/Infrastructure/Rest/RestRequest.cs(11,16): error CS0246: The type or namespace name 'HttpMethod' could not be found (are you missing a using directive or an assembly reference?) [/home/runner/work/ksef-client-csharp48/ksef-client-csharp48/KSeF.Client.Core/KSeF.Client.Core.csproj]
/home/runner/work/ksef-client-csharp48/ksef-client-csharp48/KSeF.Client.Core/Infrastructure/Rest/RestRequest.cs(22,52): error CS0246: The type or namespace name 'HttpMethod' could not be found (are you missing a using directive or an assembly reference?) [/home/runner/work/ksef-client-csharp48/ksef-client-csharp48/KSeF.Client.Core/KSeF.Client.Core.csproj]
/home/runner/work/ksef-client-csharp48/ksef-client-csharp48/KSeF.Client.Core/Interfaces/Rest/IRestClient.cs(28,56): error CS0246: The type or namespace name 'HttpMethod' could not be found (are you missing a using directive or an assembly reference?) [/home/runner/work/ksef-client-csharp48/ksef-client-csharp48/KSeF.Client.Core/KSeF.Client.Core.csproj]
/home/runner/work/ksef-client-csharp48/ksef-client-csharp48/KSeF.Client.Core/Interfaces/Rest/IRestClient.cs(41,13): error CS0246: The type or namespace name 'HttpMethod' could not be found (are you missing a using directive or an assembly reference?) [/home/runner/work/ksef-client-csharp48/ksef-client-csharp48/KSeF.Client.Core/KSeF.Client.Core.csproj]
/home/runner/work/ksef-client-csharp48/ksef-client-csharp48/KSeF.Client.Core/Interfaces/Rest/IRestClient.cs(43,13): error CS0246: The type or namespace name 'HttpContent' could not be found (are you missing a using directive or an assembly reference?) [/home/runner/work/ksef-client-csharp48/ksef-client-csharp48/KSeF.Client.Core/KSeF.Client.Core.csproj]
/home/runner/work/ksef-client-csharp48/ksef-client-csharp48/KSeF.Client.Core/Interfaces/Rest/IRestClient.cs(58,56): error CS0246: The type or namespace name 'HttpMethod' could not be found (are you missing a using directive or an assembly reference?) [/home/runner/work/ksef-client-csharp48/ksef-client-csharp48/KSeF.Client.Core/KSeF.Client.Core.csproj]
/home/runner/work/ksef-client-csharp48/ksef-client-csharp48/KSeF.Client.Core/Interfaces/Rest/IRestClient.cs(70,34): error CS0246: The type or namespace name 'HttpMethod' could not be found (are you missing a using directive or an assembly reference?) [/home/runner/work/ksef-client-csharp48/ksef-client-csharp48/KSeF.Client.Core/KSeF.Client.Core.csproj]
/home/runner/work/ksef-client-csharp48/ksef-client-csharp48/KSeF.Client.Core/Interfaces/Rest/IRestClient.cs(80,24): error CS0246: The type or namespace name 'HttpMethod' could not be found (are you missing a using directive or an assembly reference?) [/home/runner/work/ksef-client-csharp48/ksef-client-csharp48/KSeF.Client.Core/KSeF.Client.Core.csproj]
/home/runner/work/ksef-client-csharp48/ksef-client-csharp48/KSeF.Client.Core/Interfaces/Rest/IRestClient.cs(119,13): error CS0246: The type or namespace name 'HttpMethod' could not be found (are you missing a using directive or an assembly reference?) [/home/runner/work/ksef-client-csharp48/ksef-client-csharp48/KSeF.Client.Core/KSeF.Client.Core.csproj]
/home/runner/work/ksef-client-csharp48/ksef-client-csharp48/KSeF.Client.Core/Infrastructure/Rest/RestRequestWithBody.cs(28,16): error CS0246: The type or namespace name 'HttpMethod' could not be found (are you missing a using directive or an assembly reference?) [/home/runner/work/ksef-client-csharp48/ksef-client-csharp48/KSeF.Client.Core/KSeF.Client.Core.csproj]
/home/runner/work/ksef-client-csharp48/ksef-client-csharp48/KSeF.Client.Core/Interfaces/Rest/IRestRequest.cs(10,9): error CS0246: The type or namespace name 'HttpMethod' could not be found (are you missing a using directive or an assembly reference?) [/home/runner/work/ksef-client-csharp48/ksef-client-csharp48/KSeF.Client.Core/KSeF.Client.Core.csproj]
/home/runner/work/ksef-client-csharp48/ksef-client-csharp48/KSeF.Client.Core/Infrastructure/Rest/RestRequest.cs(24,42): error CS0246: The type or namespace name 'HttpMethod' could not be found (are you missing a using directive or an assembly reference?) [/home/runner/work/ksef-client-csharp48/ksef-client-csharp48/KSeF.Client.Core/KSeF.Client.Core.csproj]
/home/runner/work/ksef-client-csharp48/ksef-client-csharp48/KSeF.Client.Core/Infrastructure/Rest/RestRequestWithBody.cs(10,66): error CS0246: The type or namespace name 'HttpMethod' could not be found (are you missing a using directive or an assembly reference?) [/home/runner/work/ksef-client-csharp48/ksef-client-csharp48/KSeF.Client.Core/KSeF.Client.Core.csproj]
/home/runner/work/ksef-client-csharp48/ksef-client-csharp48/KSeF.Client.Core/Infrastructure/Rest/RestRequestWithBody.cs(41,43): error CS0246: The type or namespace name 'HttpMethod' could not be found (are you missing a using directive or an assembly reference?) [/home/runner/work/ksef-client-csharp48/ksef-client-csharp48/KSeF.Client.Core/KSeF.Client.Core.csproj]
    0 Warning(s)
    19 Error(s)

Time Elapsed 00:00:06.76
